---
source: vhdl_syntax/src/parser/productions/interface.rs
expression: "$crate :: parser :: test_utils :: render_recovery(code, & tree, & diags)"
---
== source ==
generic();

== tree ==
GenericClause
  Keyword(Generic)
  LeftPar
  RightPar
  SemiColon

== diagnostics ==
1:9 Expected([Token(Keyword(Signal)), Token(Keyword(Constant)), Token(Keyword(Variable)), Token(Identifier), Token(Keyword(File)), Token(Keyword(Type)), Token(Keyword(Function)), Token(Keyword(Procedure)), Token(Keyword(Impure)), Token(Keyword(Pure)), Token(Keyword(Package))])
