---
source: vhdl_syntax/src/parser/productions/names.rs
expression: "$crate :: parser :: test_utils :: render_recovery(code, & tree, & diags)"
---
== source ==
foo()

== tree ==
Name
  NameDesignatorPrefix
    Identifier 'foo'
  ParenthesizedName
    LeftPar
    RightPar

== diagnostics ==
1:5 Expected([Token(Identifier), Token(LtLt), Token(BitStringLiteral), Token(CharacterLiteral), Token(StringLiteral), Token(Keyword(Null)), Token(AbstractLiteral), Token(LeftPar), Token(Keyword(New))])
