---
source: vhdl_syntax/src/parser/productions/design.rs
expression: "$crate :: parser :: test_utils :: render_recovery(code, & tree, & diags)"
---
== source ==
use ;

== tree ==
DesignFile
  DesignUnit
    ContextClause
      UseClauseContextItem
        UseClause
          Keyword(Use)
          SemiColon
  Eof

== diagnostics ==
1:4 Expected([Token(Identifier), Token(StringLiteral), Token(CharacterLiteral)])
1:6 Expected([Token(Keyword(Architecture)), Token(Keyword(Package)), Token(Keyword(Entity)), Token(Keyword(Configuration)), Token(Keyword(Context))])
